// Jest Snapshot v1, https://goo.gl/fbAQLP

exports[`Schema.date Returns error 1`] = `[TypeError: Expected test to be of type boolean but recieved number of 1]`;
