// Jest Snapshot v1, https://goo.gl/fbAQLP

exports[`Schema.<type>.default Returns error if default value does not match schema type 1`] = `[TypeError: Expected test to be of type number but recieved string of string]`;
