// Jest Snapshot v1, https://goo.gl/fbAQLP

exports[`Schema.enum Returns error 1`] = `[TypeError: Expected one of ["TEST","OTHER_TEST"] for test but received NOT_TEST]`;
