// Jest Snapshot v1, https://goo.gl/fbAQLP

exports[`Schema.id Returns error 1`] = `[TypeError: Expected test to be an valid ObjectId value but recieved INVALID ID]`;
