// Jest Snapshot v1, https://goo.gl/fbAQLP

exports[`Schema.string Returns error 1`] = `[TypeError: Expected test to be of type string but recieved number of 1]`;
