// Jest Snapshot v1, https://goo.gl/fbAQLP

exports[`Schema.subDocument Returns error 1`] = `undefined`;
